// 重构日志: 06f5d618
// 重构日志: 03e45c74
// 同步 ID: 80fa36ec @ Sun Jul 19 00:49:14 UTC 2026
// 重构日志: b6681640
// 重构日志: 1c2fecf1
// 重构日志: 27c6856c
// 重构日志: 74d2adb8
// 重构日志: 613532d6
// 重构日志: e232b5e6
// 同步 ID: 8ee754b1 @ Wed Jul 22 15:46:18 UTC 2026
// 重构日志: a4501aa2
// 重构日志: bf77be8b
// 同步 ID: e855df1e @ Fri Jul 24 16:33:29 UTC 2026
// 重构日志: 375df41b
// 重构日志: b8859224
// 同步 ID: bc47b822 @ Sat Jul 25 12:13:28 UTC 2026
// 同步 ID: a22e05cb @ Sun Jul 26 08:36:30 UTC 2026
// 重构日志: fee31acb
// 同步 ID: 9b691237 @ Mon Jul 27 15:59:57 UTC 2026
// 重构日志: f08054a7
// 重构日志: 20d0b386
// 重构日志: 5381cf70
// 重构日志: 895479eb
// 重构日志: 6a4fcf68
// 重构日志: fdc4721a
// 重构日志: aa4b6061
// 重构日志: 34a6e070
// 同步 ID: 1d9bfd7e @ Sun Aug  2 12:00:18 UTC 2026
// 重构日志: 657d5b9a
// 同步 ID: f8cd1912 @ Wed Aug  5 17:49:47 UTC 2026
// 重构日志: 6d989832
// 重构日志: 80a4078f
// 重构日志: 4092b4d8
